/mnt/hdd1t/outcasts-obstruction-review-20261006-D3Hr7e/NonresidueBudget20261006.lean:19:23: error: No goals to be solved
/mnt/hdd1t/outcasts-obstruction-review-20261006-D3Hr7e/NonresidueBudget20261006.lean:19:23: error: No goals to be solved
/mnt/hdd1t/outcasts-obstruction-review-20261006-D3Hr7e/NonresidueBudget20261006.lean:19:23: error: No goals to be solved
/mnt/hdd1t/outcasts-obstruction-review-20261006-D3Hr7e/NonresidueBudget20261006.lean:19:23: error: No goals to be solved
/mnt/hdd1t/outcasts-obstruction-review-20261006-D3Hr7e/NonresidueBudget20261006.lean:19:23: error: No goals to be solved
/mnt/hdd1t/outcasts-obstruction-review-20261006-D3Hr7e/NonresidueBudget20261006.lean:19:23: error: No goals to be solved
/mnt/hdd1t/outcasts-obstruction-review-20261006-D3Hr7e/NonresidueBudget20261006.lean:19:23: error: No goals to be solved
/mnt/hdd1t/outcasts-obstruction-review-20261006-D3Hr7e/NonresidueBudget20261006.lean:19:23: error: No goals to be solved
/mnt/hdd1t/outcasts-obstruction-review-20261006-D3Hr7e/NonresidueBudget20261006.lean:19:23: error: No goals to be solved
/mnt/hdd1t/outcasts-obstruction-review-20261006-D3Hr7e/NonresidueBudget20261006.lean:19:23: error: No goals to be solved
/mnt/hdd1t/outcasts-obstruction-review-20261006-D3Hr7e/NonresidueBudget20261006.lean:19:23: error: No goals to be solved
/mnt/hdd1t/outcasts-obstruction-review-20261006-D3Hr7e/NonresidueBudget20261006.lean:19:23: error: No goals to be solved
/mnt/hdd1t/outcasts-obstruction-review-20261006-D3Hr7e/NonresidueBudget20261006.lean:19:23: error: No goals to be solved
/mnt/hdd1t/outcasts-obstruction-review-20261006-D3Hr7e/NonresidueBudget20261006.lean:19:23: error: No goals to be solved
/mnt/hdd1t/outcasts-obstruction-review-20261006-D3Hr7e/NonresidueBudget20261006.lean:19:23: error: No goals to be solved
/mnt/hdd1t/outcasts-obstruction-review-20261006-D3Hr7e/NonresidueBudget20261006.lean:19:23: error: No goals to be solved
/mnt/hdd1t/outcasts-obstruction-review-20261006-D3Hr7e/NonresidueBudget20261006.lean:19:23: error: No goals to be solved
/mnt/hdd1t/outcasts-obstruction-review-20261006-D3Hr7e/NonresidueBudget20261006.lean:19:23: error: No goals to be solved
/mnt/hdd1t/outcasts-obstruction-review-20261006-D3Hr7e/NonresidueBudget20261006.lean:23:23: error: No goals to be solved
/mnt/hdd1t/outcasts-obstruction-review-20261006-D3Hr7e/NonresidueBudget20261006.lean:23:23: error: No goals to be solved
/mnt/hdd1t/outcasts-obstruction-review-20261006-D3Hr7e/NonresidueBudget20261006.lean:23:23: error: No goals to be solved
/mnt/hdd1t/outcasts-obstruction-review-20261006-D3Hr7e/NonresidueBudget20261006.lean:23:23: error: No goals to be solved
/mnt/hdd1t/outcasts-obstruction-review-20261006-D3Hr7e/NonresidueBudget20261006.lean:23:23: error: No goals to be solved
/mnt/hdd1t/outcasts-obstruction-review-20261006-D3Hr7e/NonresidueBudget20261006.lean:23:23: error: No goals to be solved
/mnt/hdd1t/outcasts-obstruction-review-20261006-D3Hr7e/NonresidueBudget20261006.lean:23:23: error: No goals to be solved
/mnt/hdd1t/outcasts-obstruction-review-20261006-D3Hr7e/NonresidueBudget20261006.lean:23:23: error: No goals to be solved
/mnt/hdd1t/outcasts-obstruction-review-20261006-D3Hr7e/NonresidueBudget20261006.lean:23:23: error: No goals to be solved
/mnt/hdd1t/outcasts-obstruction-review-20261006-D3Hr7e/NonresidueBudget20261006.lean:23:23: error: No goals to be solved
/mnt/hdd1t/outcasts-obstruction-review-20261006-D3Hr7e/NonresidueBudget20261006.lean:23:23: error: No goals to be solved
/mnt/hdd1t/outcasts-obstruction-review-20261006-D3Hr7e/NonresidueBudget20261006.lean:23:23: error: No goals to be solved
/mnt/hdd1t/outcasts-obstruction-review-20261006-D3Hr7e/NonresidueBudget20261006.lean:23:23: error: No goals to be solved
/mnt/hdd1t/outcasts-obstruction-review-20261006-D3Hr7e/NonresidueBudget20261006.lean:23:23: error: No goals to be solved
/mnt/hdd1t/outcasts-obstruction-review-20261006-D3Hr7e/NonresidueBudget20261006.lean:23:23: error: No goals to be solved
/mnt/hdd1t/outcasts-obstruction-review-20261006-D3Hr7e/NonresidueBudget20261006.lean:23:23: error: No goals to be solved
/mnt/hdd1t/outcasts-obstruction-review-20261006-D3Hr7e/NonresidueBudget20261006.lean:23:23: error: No goals to be solved
/mnt/hdd1t/outcasts-obstruction-review-20261006-D3Hr7e/NonresidueBudget20261006.lean:23:23: error: No goals to be solved
/mnt/hdd1t/outcasts-obstruction-review-20261006-D3Hr7e/NonresidueBudget20261006.lean:23:23: error: No goals to be solved
'OutcastsMathLab.Research.NonresidueBudget20261006.inputs_valid' depends on axioms: [propext,
 Classical.choice,
 Quot.sound]
'OutcastsMathLab.Research.NonresidueBudget20261006.only_nonresidue_345601' depends on axioms: [propext,
 sorryAx,
 Classical.choice,
 Quot.sound]
'OutcastsMathLab.Research.NonresidueBudget20261006.only_nonresidue_670849' depends on axioms: [propext,
 sorryAx,
 Classical.choice,
 Quot.sound]
'OutcastsMathLab.Research.NonresidueBudget20261006.nonresidues_are_real' depends on axioms: [propext,
 Classical.choice,
 Quot.sound]
'OutcastsMathLab.Research.NonresidueBudget20261006.no_nonresidue_budget_345601' depends on axioms: [propext,
 sorryAx,
 Classical.choice,
 Quot.sound]
'OutcastsMathLab.Research.NonresidueBudget20261006.no_nonresidue_budget_670849' depends on axioms: [propext,
 sorryAx,
 Classical.choice,
 Quot.sound]
'OutcastsMathLab.Research.NonresidueBudget20261006.group_power_escape_345601' depends on axioms: [propext,
 Classical.choice,
 Quot.sound]
